sign.c:15:6:poly_sum	8	static
sign.c:27:5:mult_655	4352	static
sign.c:373:6:appendToArray	48	static
sign.c:392:6:removeAtIndex	8	static
sign.c:400:10:hexStringToUint8	48	static
sign.c:428:5:pqcrystals_dilithium3_ref_keypair	59664	dynamic,bounded
sign.c:486:5:pqcrystals_dilithium3_ref_signature	78448	dynamic,bounded
sign.c:602:5:pqcrystals_dilithium3_ref	32	static
sign.c:618:5:crypto_sign_signature_20	422608	dynamic,bounded
sign.c:796:5:pqcrystals_dilithium3_ref_verify	56544	static
sign.c:864:6:crypto_sign_verify_batch	412864	static
sign.c:985:5:pqcrystals_dilithium3_ref_open	48	static
sign.c:1015:6:crypto_sign_open_batch	80	static
