sign.c:16:6:poly_sum	8	static
sign.c:28:5:mult_655	4352	static
sign.c:374:6:appendToArray	48	static
sign.c:393:6:removeAtIndex	8	static
sign.c:401:10:hexStringToUint8	48	static
sign.c:429:5:pqcrystals_dilithium3_ref_keypair	59664	dynamic,bounded
sign.c:487:5:pqcrystals_dilithium3_ref_signature	78448	dynamic,bounded
sign.c:603:5:pqcrystals_dilithium3_ref	32	static
sign.c:619:5:crypto_sign_signature_20	422608	dynamic,bounded
sign.c:797:5:pqcrystals_dilithium3_ref_verify	56544	static
sign.c:879:5:pqcrystals_dilithium3_ref_open	48	static
