sign.c:15:6:poly_sum	8	static
sign.c:26:5:mult_p874	4288	static
sign.c:409:6:appendToArray	48	static
sign.c:428:6:removeAtIndex	8	static
sign.c:436:10:hexStringToUint8	48	static
sign.c:464:5:pqcrystals_dilithium5_ref_keypair	96528	dynamic,bounded
sign.c:522:5:pqcrystals_dilithium5_ref_signature	121456	dynamic,bounded
sign.c:638:5:pqcrystals_dilithium5_ref	32	static
sign.c:654:5:crypto_sign_signature_20_2	548560	dynamic,bounded
sign.c:835:5:pqcrystals_dilithium5_ref_verify	91616	static
sign.c:905:6:crypto_sign_verify_batch	566720	static
sign.c:1025:5:pqcrystals_dilithium5_ref_open	48	static
sign.c:1055:6:crypto_sign_open_batch	80	static
