polyvec.c:17:6:pqcrystals_dilithium5_ref_polyvec_matrix_expand	48	static
polyvec.c:36:6:pqcrystals_dilithium5_ref_polyvecl_uniform_eta	48	static
polyvec.c:43:6:pqcrystals_dilithium5_ref_polyvecl_uniform_gamma1	48	static
polyvec.c:50:6:pqcrystals_dilithium5_ref_polyvecl_reduce	32	static
polyvec.c:67:6:pqcrystals_dilithium5_ref_polyvecl_add	48	static
polyvec.c:82:6:pqcrystals_dilithium5_ref_polyvecl_ntt	32	static
polyvec.c:89:6:pqcrystals_dilithium5_ref_polyvecl_invntt_tomont	32	static
polyvec.c:96:6:pqcrystals_dilithium5_ref_polyvecl_pointwise_poly_montgomery	48	static
polyvec.c:114:6:pqcrystals_dilithium5_ref_polyvecl_pointwise_acc_montgomery	1088	static
polyvec.c:25:6:pqcrystals_dilithium5_ref_polyvec_matrix_pointwise_montgomery	48	static
polyvec.c:140:5:pqcrystals_dilithium5_ref_polyvecl_chknorm	32	static
polyvec.c:154:6:pqcrystals_dilithium5_ref_polyveck_uniform_eta	48	static
polyvec.c:169:6:pqcrystals_dilithium5_ref_polyveck_reduce	32	static
polyvec.c:184:6:pqcrystals_dilithium5_ref_polyveck_caddq	32	static
polyvec.c:201:6:pqcrystals_dilithium5_ref_polyveck_add	48	static
polyvec.c:219:6:pqcrystals_dilithium5_ref_polyveck_sub	48	static
polyvec.c:234:6:pqcrystals_dilithium5_ref_polyveck_shiftl	32	static
polyvec.c:249:6:pqcrystals_dilithium5_ref_polyveck_ntt	32	static
polyvec.c:265:6:pqcrystals_dilithium5_ref_polyveck_invntt_tomont	32	static
polyvec.c:272:6:pqcrystals_dilithium5_ref_polyveck_pointwise_poly_montgomery	48	static
polyvec.c:292:5:pqcrystals_dilithium5_ref_polyveck_chknorm	32	static
polyvec.c:316:6:pqcrystals_dilithium5_ref_polyveck_power2round	48	static
polyvec.c:338:6:pqcrystals_dilithium5_ref_polyveck_decompose	48	static
polyvec.c:356:14:pqcrystals_dilithium5_ref_polyveck_make_hint	48	static
polyvec.c:378:6:pqcrystals_dilithium5_ref_polyveck_use_hint	48	static
polyvec.c:385:6:pqcrystals_dilithium5_ref_polyveck_pack_w1	32	static
