sign.c:16:6:poly_sum	8	static
sign.c:27:5:mult_p874	4288	static
sign.c:467:6:appendToArray	48	static
sign.c:486:6:removeAtIndex	8	static
sign.c:494:10:hexStringToUint8	48	static
sign.c:522:5:pqcrystals_dilithium5_ref_keypair	96528	dynamic,bounded
sign.c:580:5:pqcrystals_dilithium5_ref_signature	121456	dynamic,bounded
sign.c:696:5:pqcrystals_dilithium5_ref	32	static
sign.c:712:5:crypto_sign_signature_20_2	548560	dynamic,bounded
sign.c:893:5:pqcrystals_dilithium5_ref_verify	91616	static
sign.c:976:5:pqcrystals_dilithium5_ref_open	48	static
