poly.c:28:6:pqcrystals_dilithium2_ref_poly_reduce	32	static
poly.c:46:6:pqcrystals_dilithium2_ref_poly_caddq	32	static
poly.c:65:6:pqcrystals_dilithium2_ref_poly_add	8	static
poly.c:86:6:pqcrystals_dilithium2_ref_poly_sub	8	static
poly.c:104:6:pqcrystals_dilithium2_ref_poly_shiftl	8	static
poly.c:122:6:pqcrystals_dilithium2_ref_poly_ntt	8	static
poly.c:139:6:pqcrystals_dilithium2_ref_poly_invntt_tomont	8	static
poly.c:158:6:pqcrystals_dilithium2_ref_poly_pointwise_montgomery	48	static
poly.c:180:6:pqcrystals_dilithium2_ref_poly_power2round	48	static
poly.c:203:6:pqcrystals_dilithium2_ref_poly_decompose	48	static
poly.c:226:14:pqcrystals_dilithium2_ref_poly_make_hint	48	static
poly.c:248:6:pqcrystals_dilithium2_ref_poly_use_hint	48	static
poly.c:269:5:pqcrystals_dilithium2_ref_poly_chknorm	8	static
poly.c:345:6:pqcrystals_dilithium2_ref_poly_uniform	1136	static
poly.c:435:6:pqcrystals_dilithium2_ref_poly_uniform_eta	416	static
poly.c:489:6:pqcrystals_dilithium2_ref_poly_challenge	416	static
poly.c:532:6:pqcrystals_dilithium2_ref_polyeta_pack	32	static
poly.c:571:6:pqcrystals_dilithium2_ref_polyeta_unpack	24	static
poly.c:617:6:pqcrystals_dilithium2_ref_polyt1_pack	8	static
poly.c:641:6:pqcrystals_dilithium2_ref_polyt1_unpack	8	static
poly.c:664:6:pqcrystals_dilithium2_ref_polyt0_pack	56	static
poly.c:712:6:pqcrystals_dilithium2_ref_polyt0_unpack	40	static
poly.c:776:6:pqcrystals_dilithium2_ref_polyz_pack	2264	static
poly.c:827:6:pqcrystals_dilithium2_ref_polyz_unpack	8	static
poly.c:467:6:pqcrystals_dilithium2_ref_poly_uniform_gamma1	928	static
poly.c:888:6:pqcrystals_dilithium2_ref_polyw1_pack	1208	static
