sign.c:16:6:poly_sum	8	static
sign.c:28:5:mult_p4_str	55968	static
sign.c:394:5:mult_p4	4272	static
sign.c:547:5:pqcrystals_dilithium2_ref_keypair	37136	dynamic,bounded
sign.c:589:6:appendToArray	48	static
sign.c:608:6:removeAtIndex	8	static
sign.c:616:10:hexStringToUint8	48	static
sign.c:811:5:pqcrystals_dilithium2_ref_signature	50800	dynamic,bounded
sign.c:632:5:crypto_sign_signature_20	280128	dynamic,bounded
sign.c:928:5:pqcrystals_dilithium2_ref	32	static
sign.c:957:5:pqcrystals_dilithium2_ref_verify	35040	static
sign.c:1024:6:crypto_sign_verify_batch	292016	static
sign.c:1146:5:pqcrystals_dilithium2_ref_open	48	static
sign.c:1176:6:crypto_sign_open_batch	80	static
