sign.c:15:6:poly_sum	8	static
sign.c:26:5:mult_p4_str	55968	static
sign.c:392:5:mult_p4	4272	static
sign.c:545:5:pqcrystals_dilithium2_ref_keypair	37136	dynamic,bounded
sign.c:587:6:appendToArray	48	static
sign.c:606:6:removeAtIndex	8	static
sign.c:614:10:hexStringToUint8	48	static
sign.c:809:5:pqcrystals_dilithium2_ref_signature	50800	dynamic,bounded
sign.c:630:5:crypto_sign_signature_20	280128	dynamic,bounded
sign.c:926:5:pqcrystals_dilithium2_ref	32	static
sign.c:955:5:pqcrystals_dilithium2_ref_verify	35040	static
sign.c:1038:5:pqcrystals_dilithium2_ref_open	48	static
